// Vitest Snapshot v1, https://vitest.dev/guide/snapshot.html

exports[`autoLitWrapper > complex 1`] = `
"
    <LitWrapper v-if="true"><kpn-title id="title" :foo=""bar"> 1 ? 2 : 1" bind:test="test">
        <span>Hello world!</span>
        <img src="src">
    </kpn-title></LitWrapper>
    "
`;

exports[`autoLitWrapper > for 1`] = `
"
      <LitWrapper v-for="item in items" :key="item.id"><kpn-list-item>
        <LitWrapper><kpn-title id="title" :foo="bar">Hello world!</kpn-title></LitWrapper>
      </kpn-list-item></LitWrapper>
    "
`;

exports[`autoLitWrapper > simple 1`] = `"<LitWrapper><kpn-title id="title" :foo="bar">Hello world!</kpn-title></LitWrapper>"`;

exports[`autoLitWrapper > v-if and v-else 1`] = `
"
      <LitWrapper v-if="true"><kpn-container>
        <LitWrapper><kpn-title id="title" :foo="bar">Hello world!</kpn-title></LitWrapper>
      </kpn-container></LitWrapper>
      <LitWrapper v-else=""><kpn-container>
        <LitWrapper><kpn-title id="title" :foo="bar">Hello world 2!</kpn-title></LitWrapper>
      </kpn-container></LitWrapper>
    "
`;
